2026-06-13 11:30:27 [INFO] Request received (req_id=1001)
2026-06-18 05:33:52 [WARN] Cache miss for key user:1023 (req_id=1002)
2026-06-14 18:03:38 [INFO] Timeout while calling upstream service (req_id=1003)
2026-06-20 11:20:16 [ERROR] Scheduled job completed successfully (req_id=1004)
2026-06-13 23:49:12 [WARN] Cache miss for key user:1023 (req_id=1005)
2026-06-05 10:58:11 [DEBUG] Request received (req_id=1006)
2026-06-11 18:35:47 [WARN] Timeout while calling upstream service (req_id=1007)
2026-06-17 03:44:03 [ERROR] Scheduled job completed successfully (req_id=1008)
2026-06-14 04:21:02 [DEBUG] Timeout while calling upstream service (req_id=1009)
2026-06-18 01:12:40 [DEBUG] Request received (req_id=1010)
2026-06-06 13:20:07 [DEBUG] Database connection established (req_id=1011)
2026-06-11 20:13:30 [WARN] Scheduled job completed successfully (req_id=1012)
2026-06-05 06:51:18 [WARN] User authentication failed (req_id=1013)
2026-06-02 00:00:44 [ERROR] Timeout while calling upstream service (req_id=1014)
2026-06-14 12:39:41 [ERROR] Cache miss for key user:1023 (req_id=1015)
2026-06-20 05:57:27 [INFO] User authentication failed (req_id=1016)
2026-06-25 14:53:58 [WARN] Request received (req_id=1017)
2026-06-24 18:02:36 [ERROR] Database connection established (req_id=1018)
2026-06-07 07:24:12 [INFO] Cache miss for key user:1023 (req_id=1019)
2026-06-11 08:40:26 [INFO] Cache miss for key user:1023 (req_id=1020)
2026-06-06 05:45:22 [ERROR] Cache miss for key user:1023 (req_id=1021)
2026-06-04 18:41:25 [DEBUG] Cache miss for key user:1023 (req_id=1022)
2026-06-16 15:27:05 [DEBUG] Cache miss for key user:1023 (req_id=1023)
2026-06-24 16:03:49 [ERROR] Database connection established (req_id=1024)
2026-06-25 20:53:07 [INFO] Request received (req_id=1025)
2026-06-21 00:57:27 [WARN] Request received (req_id=1026)
2026-06-23 17:11:13 [ERROR] User authentication failed (req_id=1027)
2026-06-14 06:25:15 [DEBUG] User authentication failed (req_id=1028)
2026-06-19 06:05:41 [ERROR] Scheduled job completed successfully (req_id=1029)
2026-06-17 19:03:19 [ERROR] User authentication failed (req_id=1030)
2026-06-25 10:11:26 [DEBUG] Timeout while calling upstream service (req_id=1031)
2026-06-28 08:23:29 [INFO] Scheduled job completed successfully (req_id=1032)
2026-06-28 04:56:44 [DEBUG] Scheduled job completed successfully (req_id=1033)
2026-06-28 19:07:57 [ERROR] User authentication failed (req_id=1034)
2026-06-22 00:16:02 [ERROR] Cache miss for key user:1023 (req_id=1035)
2026-06-04 04:31:14 [WARN] Cache miss for key user:1023 (req_id=1036)
2026-06-12 01:45:49 [ERROR] Timeout while calling upstream service (req_id=1037)
2026-06-23 06:23:13 [ERROR] Timeout while calling upstream service (req_id=1038)
2026-06-27 13:11:13 [DEBUG] Database connection established (req_id=1039)
2026-06-05 16:32:09 [DEBUG] Scheduled job completed successfully (req_id=1040)
